// Jest Snapshot v1, https://goo.gl/fbAQLP

exports[`<ComponentB/> Snapshot renders 1`] = `
<DocumentFragment>
  <div>
    Hello World 
  </div>
</DocumentFragment>
`;
