// Jest Snapshot v1, https://goo.gl/fbAQLP

exports[`<ComponentA/> Snapshot renders 1`] = `
<DocumentFragment>
  <div>
    <div>
      <div>
        Token One: One
      </div>
      <div>
        Hello World
      </div>
    </div>
  </div>
</DocumentFragment>
`;
