// Jest Snapshot v1, https://goo.gl/fbAQLP

exports[`<ComponentC/> Snapshot renders 1`] = `
<DocumentFragment>
  <div>
    <div>
      Hello World 
    </div>
  </div>
</DocumentFragment>
`;
